cargo :    Compiling tracing-attributes v0.1.31
At line:1 char:1
+ cargo check -p execution -p oms 2> errors.txt
+ ~~~~~~~~~~~~~~~~~~~~~~~~~~~~~~~~~~~~~~~~~~~~~
    + CategoryInfo          : NotSpecified: (   Compiling tracing-attributes  
   v0.1.31:String) [], RemoteException
    + FullyQualifiedErrorId : NativeCommandError
 
    Checking tracing-core v0.1.36
    Checking uuid v1.22.0
    Checking common v0.1.0 (C:\Users\ashut\OneDrive\Documents\new rust 
terminal\rust-finance\crates\common)
    Checking tracing v0.1.44
    Checking oms v0.1.0 (C:\Users\ashut\OneDrive\Documents\new rust 
terminal\rust-finance\crates\oms)
    Checking execution v0.1.0 (C:\Users\ashut\OneDrive\Documents\new rust 
terminal\rust-finance\crates\execution)
warning: unused import: `OrderStatus`
  --> crates\oms\src\blotter.rs:10:39
   |
10 | use crate::order::{Order, OrderEvent, OrderStatus, OrderType, Side, 
TimeInForce};
   |                                       ^^^^^^^^^^^
   |
   = note: `#[warn(unused_imports)]` (part of `#[warn(unused)]`) on by default

warning: unused import: `tracing::warn`
  --> crates\oms\src\sebi.rs:14:5
   |
14 | use tracing::warn;
   |     ^^^^^^^^^^^^^

error[E0499]: cannot borrow `state` as mutable more than once at a time
   --> crates\oms\src\blotter.rs:195:13
    |
188 |         let order = state
    |                     ----- first mutable borrow occurs here
...
195 |             state.daily_turnover += qty * price;
    |             ^^^^^ second mutable borrow occurs here
...
198 |         order.apply(event).map_err(|e| ComplianceError::OrderNotFound { 
id: order_id })
    |         ----- first borrow later used here

error[E0308]: mismatched types
   --> crates\execution\src\bracket.rs:119:23
    |
119 |             quantity: bracket.take_profit.quantity,
    |                       ^^^^^^^^^^^^^^^^^^^^^^^^^^^^ expected `f64`, 
found `u64`

error[E0308]: mismatched types
   --> crates\execution\src\bracket.rs:132:23
    |
132 |             quantity: bracket.stop_loss.quantity,
    |                       ^^^^^^^^^^^^^^^^^^^^^^^^^^ expected `f64`, found 
`u64`

error[E0308]: mismatched types
   --> crates\execution\src\trailing_stop.rs:142:31
    |
142 |                     quantity: stop.quantity,
    |                               ^^^^^^^^^^^^^ expected `f64`, found `u64`

error[E0308]: mismatched types
   --> crates\execution\src\conditional.rs:170:23
    |
170 |             quantity: template.quantity,
    |                       ^^^^^^^^^^^^^^^^^ expected `f64`, found `u64`

warning: unused variable: `e`
   --> crates\oms\src\blotter.rs:198:37
    |
198 |         order.apply(event).map_err(|e| ComplianceError::OrderNotFound { 
id: order_id })
    |                                     ^ help: if this is intentional, 
prefix it with an underscore: `_e`
    |
    = note: `#[warn(unused_variables)]` (part of `#[warn(unused)]`) on by 
default

For more information about this error, try `rustc --explain E0499`.
warning: `oms` (lib) generated 3 warnings
error: could not compile `oms` (lib) due to 1 previous error; 3 warnings 
emitted
warning: build failed, waiting for other jobs to finish...
For more information about this error, try `rustc --explain E0308`.
error: could not compile `execution` (lib) due to 4 previous errors
